File "tests/parsing/smtlib/v2.7/errors/003_qual_identifier_bad_sort_2.smt2", line 2, character 16-17:
2 | (assert (as foo !))
                    ^
Error while parsing a qualified identifier, read the reserved word '!',
      but expected a sort, i.e. either an identifier, or a sort constructor
      application; note that keywords (such as '_', 'as', ...) are none of
      these, and thus are not allowed here..
