File "tests/parsing/smtlib/v2.7/errors/006_attribute_bad_name_2.smt2", line 2, character 15-16:
2 | (assert (! foo _))
                   ^
Error while parsing attributes for a term, read the reserved word '_',
      but expected an attribute of the form "keyword value".
