File "tests/parsing/smtlib/v2.7/errors/014_sorted_var_list_unclosed_1.smt2", line 2, character 25-26:
2 | (assert (forall ((x int) _) x))
                             ^
Error while parsing a list of sorted variables, read the reserved word '_',
      but expected either a closing parentheis, or a sorted var of the form
      "(var sort)".
