File "tests/parsing/smtlib/v2.7/errors/033_match_case_unclosed_1.smt2", line 3, character 39-40:
3 | (define-fun f ((x t)) t (match x ((A B _))))
                                           ^
Error while parsing a match case, read the reserved word '_',
      but expected a closing parenthesis to close the match case.
