File "tests/typing/error-mismatch/test_tptp_infer.p", line 4, character 18-23:
[1m[91mError[0;1m[0m The term: 12 has type int but was expected to be of type $i
