File "tests/parsing/smtlib/poly/errors/059_declare-datatype_bad_name_1.psmt2", line 2, character 18-19:
Error while parsing a datatype declaration, read the reserved word '_',
      but expected a symbol.
