File "tests/parsing/smtlib/poly/errors/100_get-value_unclosed_1.psmt2", line 1, character 17-18:
Error while parsing a get-value command, read the reserved word '_',
      but expected a closing parenthesis.
