File "tests/parsing/smtlib/poly/errors/105_push_unclosed_1.psmt2", line 1, character 8-9:
Error while parsing a push command, read the reserved word '_',
      but expected a closing parenthesis.
