File "tests/parsing/smtlib/poly/errors/108_reset-assertions_unclosed_1.psmt2", line 1, character 18-19:
Error while parsing a reset-assertions command, read the reserved word '_',
      but expected a closing parenthesis.
