File "tests/parsing/smtlib/poly/errors/117_prop_lit_bad_not_1.psmt2", line 2, character 22-23:
Error while parsing a propositional literal, read the reserved word '_',
      but expected the "not" symbol.
