File "tests/parsing/smtlib/poly/errors/141_datatype_arity_dec_bad_name_1.psmt2", line 2, character 21-22:
Error while parsing a datatype arity declaration, read the reserved word '_',
      but expected a symbol for the datatype name.
