Error while parsing an s-expression, read the end of file token,
      but expected a closing parentheis.
