[logic][parsed][0-15] set-logic: ALL
[logic][typed][0-15] other_1[0-15]:
                       set-logic: ALL =
                         { theories: core, arrays, bitv, floats, string,
                                     int+real;
                           features: { free_sorts : true;
                                       free_functions : true;
                                       datatypes : true;
                                       quantifiers : true;
                                       arithmetic : regular;
                                       arrays : all; }; }]}
                     
[logic][parsed][16-95] antecedent:
                         (∀ (x : Int) . (∀ (y : Int) . (= x y)))
[logic][typed][16-95] hyp_1[16-95]:
                        hyp: ∀ x/159 : int/4, y/160 : int/4. x/159 = y/160

